| config.xml:3:3:3:15 | pwd= | Do not use empty passwords. |
| config.xml:7:3:7:20 | Password= | Do not use empty passwords. |
| config.xml:12:3:12:69 | connectionString=Driver=ODBCDriver;server=ODBCServer;pwd=; | Do not use empty passwords. |
| config.xml:13:3:13:74 | connectionString=Driver=ODBCDriver;server=ODBCServer;password=; | Do not use empty passwords. |
