| config.xml:4:3:4:18 | pwd=foo | Avoid plaintext passwords in xml files. |
| config.xml:8:3:8:23 | Password=foo | Avoid plaintext passwords in xml files. |
| config.xml:14:3:14:72 | connectionString=Driver=ODBCDriver;server=ODBCServer;pwd=foo; | Avoid plaintext passwords in xml files. |
| config.xml:15:3:15:77 | connectionString=Driver=ODBCDriver;server=ODBCServer;password=foo; | Avoid plaintext passwords in xml files. |
