| config.py:2:1:2:8 | config.py:2 | Avoid plaintext passwords in config files. |
