| BufferedRWPairUndefinedBehavior.py:7:13:7:45 | ControlFlowNode for Attribute() | BufferedRWPair does not attempt to synchronize accesses to its underlying raw streams |
